// Vitest Snapshot v1, https://vitest.dev/guide/snapshot.html

exports[`BaseButton.vue > matches snapshot 1`] = `"<button data-v-2d3a2488="" type="button" class="button">Нажать</button>"`;
